{
  "name": "prettier-plugin-optipack",
  "version": "0.0.1",
  "license": "MIT",
  "author": "SnO2WMaN <sno2wman.official@gmail.com>",
  "homepage": "https://github.com/SnO2WMaN-HQ/optipack/tree/master/@optipack/prettier-plugin",
  "repository": {
    "type": "git",
    "url": "https://github.com/SnO2WMaN-HQ/optipack.git",
    "directory": "@optipack/prettier-plugin"
  },
  "bugs": {
    "url": "https://github.com/SnO2WMaN-HQ/optipack/issues"
  },
  "keywords": [
    "format",
    "optipack",
    "package.json",
    "plugin",
    "prettier",
    "prettier-plugin"
  ],
  "main": "lib/index.js",
  "types": "lib/index.d.ts",
  "scripts": {
    "build": "tsc -b",
    "clean": "tsc -b --clean",
    "test": "jest",
    "test:watch": "jest --watch"
  },
  "dependencies": {
    "@optipack/core": "^0.0.1",
    "cosmiconfig": "^7.0.0"
  },
  "devDependencies": {
    "typescript": "3.9.7"
  },
  "peerDependencies": {
    "prettier": "^2.1.1"
  }
}
